[11янв.2026 21:02:23.892] [main/INFO] [cpw.mods.modlauncher.Launcher/MODLAUNCHER]: ModLauncher running: args [--launchTarget, neoforgeclientdev, --version, 21.4.156, --assetIndex, 19, --assetsDir, C:\\Users\\Sanberdir\\.gradle\\caches\\neoformruntime\\assets, --gameDir, ., --fml.fmlVersion, 6.0.18, --fml.mcVersion, 1.21.4, --fml.neoForgeVersion, 21.4.156, --fml.neoFormVersion, 20241203.161809]
[11янв.2026 21:02:23.894] [main/INFO] [cpw.mods.modlauncher.Launcher/MODLAUNCHER]: JVM identified as Azul Systems, Inc. OpenJDK 64-Bit Server VM 21.0.8+9-LTS
[11янв.2026 21:02:23.895] [main/INFO] [cpw.mods.modlauncher.Launcher/MODLAUNCHER]: ModLauncher 11.0.4+main.d2e20e43 starting: java version 21.0.8 by Azul Systems, Inc.; OS Windows 10 arch amd64 version 10.0
[11янв.2026 21:02:23.989] [main/INFO] [net.neoforged.fml.loading.ImmediateWindowHandler/]: Loading ImmediateWindowProvider fmlearlywindow
[11янв.2026 21:02:24.094] [main/INFO] [EARLYDISPLAY/]: Trying GL version 4.6
[11янв.2026 21:02:24.253] [main/INFO] [EARLYDISPLAY/]: Requested GL version 4.6 got version 4.6
[11янв.2026 21:02:24.347] [main/INFO] [mixin/]: SpongePowered MIXIN Subsystem Version=0.8.7 Source=union:/C:/Users/Sanberdir/.gradle/caches/modules-2/files-2.1/net.fabricmc/sponge-mixin/0.15.2+mixin.0.8.7/2af2f021d8e02a0220dc27a7a72b4666d66d44ca/sponge-mixin-0.15.2+mixin.0.8.7.jar%23162!/ Service=ModLauncher Env=CLIENT
[11янв.2026 21:02:24.580] [pool-2-thread-1/INFO] [EARLYDISPLAY/]: GL info: NVIDIA GeForce RTX 3060/PCIe/SSE2 GL version 4.6.0 NVIDIA 581.57, NVIDIA Corporation
[11янв.2026 21:02:24.717] [main/INFO] [net.neoforged.fml.loading.moddiscovery.locators.JarInJarDependencyLocator/]: Found 2 dependencies adding them to mods collection
[11янв.2026 21:02:24.719] [main/INFO] [net.neoforged.fml.loading.moddiscovery.ModDiscoverer/]: 
     Mod List:
		Name Version (Mod Id)

		lesson1.21.4 1.0 (lesson1_21_4)
		Minecraft 1.21.4 (minecraft)
		NeoForge 21.4.156 (neoforge)
[11янв.2026 21:02:25.401] [main/INFO] [mixin/]: Compatibility level set to JAVA_21
[11янв.2026 21:02:25.408] [main/INFO] [cpw.mods.modlauncher.LaunchServiceHandler/MODLAUNCHER]: Launching target 'neoforgeclientdev' with arguments [--version, 21.4.156, --gameDir, ., --assetsDir, C:\Users\Sanberdir\.gradle\caches\neoformruntime\assets, --assetIndex, 19]
[11янв.2026 21:02:26.546] [Datafixer Bootstrap/INFO] [com.mojang.datafixers.DataFixerBuilder/]: 246 Datafixer optimizations took 381 milliseconds
[11янв.2026 21:02:26.662] [pool-7-thread-1/INFO] [MixinExtras|Service/]: Initializing MixinExtras via com.llamalad7.mixinextras.service.MixinExtrasServiceImpl(version=0.5.0).
[11янв.2026 21:02:30.709] [main/WARN] [net.minecraft.commands.Commands/]: Ambiguity between arguments [teleport, location] and [teleport, destination] with inputs: [0.1 -0.5 .9, 0 0 0]
[11янв.2026 21:02:30.710] [main/WARN] [net.minecraft.commands.Commands/]: Ambiguity between arguments [teleport, location] and [teleport, targets] with inputs: [0.1 -0.5 .9, 0 0 0]
[11янв.2026 21:02:30.712] [main/WARN] [net.minecraft.commands.Commands/]: Ambiguity between arguments [teleport, destination] and [teleport, targets] with inputs: [Player, 0123, @e, dd12be42-52a9-4a91-a8a1-11c01849e498]
[11янв.2026 21:02:30.713] [main/WARN] [net.minecraft.commands.Commands/]: Ambiguity between arguments [teleport, targets] and [teleport, destination] with inputs: [Player, 0123, dd12be42-52a9-4a91-a8a1-11c01849e498]
[11янв.2026 21:02:30.714] [main/WARN] [net.minecraft.commands.Commands/]: Ambiguity between arguments [teleport, targets, location] and [teleport, targets, destination] with inputs: [0.1 -0.5 .9, 0 0 0]
[11янв.2026 21:02:30.811] [Render thread/WARN] [net.minecraft.server.packs.VanillaPackResourcesBuilder/]: Assets URL 'union:/C:/Users/Sanberdir/Desktop/Проекты/lesson1.21.4/lesson1.21.4/build/moddev/artifacts/neoforge-21.4.156.jar%23215!/assets/.mcassetsroot' uses unexpected schema
[11янв.2026 21:02:30.812] [Render thread/WARN] [net.minecraft.server.packs.VanillaPackResourcesBuilder/]: Assets URL 'union:/C:/Users/Sanberdir/Desktop/Проекты/lesson1.21.4/lesson1.21.4/build/moddev/artifacts/neoforge-21.4.156.jar%23215!/data/.mcassetsroot' uses unexpected schema
[11янв.2026 21:02:30.833] [Render thread/INFO] [com.mojang.authlib.yggdrasil.YggdrasilAuthenticationService/]: Environment: Environment[sessionHost=https://sessionserver.mojang.com, servicesHost=https://api.minecraftservices.com, name=PROD]
[11янв.2026 21:02:30.841] [Render thread/INFO] [net.minecraft.client.Minecraft/]: Setting user: Dev
[11янв.2026 21:02:30.898] [Render thread/INFO] [net.minecraft.client.Minecraft/]: Backend library: LWJGL version 3.3.3+5
[11янв.2026 21:02:31.189] [modloading-worker-0/INFO] [net.neoforged.neoforge.common.NeoForgeMod/NEOFORGE-MOD]: NeoForge mod loading, version 21.4.156, for MC 1.21.4
[11янв.2026 21:02:31.939] [Render thread/INFO] [net.neoforged.neoforge.gametest.GameTestHooks/]: Enabled Gametest Namespaces: [lesson1_21_4]
[11янв.2026 21:02:32.049] [Render thread/INFO] [net.minecraft.server.packs.resources.ReloadableResourceManager/]: Reloading ResourceManager: vanilla, mod_resources, mod/lesson1_21_4, mod/neoforge
[11янв.2026 21:02:32.061] [resourceLoad/INFO] [ru.sanberdir.lesson1_21_4.Lesson1_21_4/]: HELLO FROM COMMON SETUP
[11янв.2026 21:02:32.061] [resourceLoad/INFO] [ru.sanberdir.lesson1_21_4.Lesson1_21_4/]: DIRT BLOCK >> minecraft:dirt
[11янв.2026 21:02:32.061] [resourceLoad/INFO] [ru.sanberdir.lesson1_21_4.Lesson1_21_4/]: The magic number is... 42
[11янв.2026 21:02:32.062] [resourceLoad/INFO] [ru.sanberdir.lesson1_21_4.Lesson1_21_4/]: ITEM >> minecraft:iron_ingot
[11янв.2026 21:02:32.102] [resourceLoad/INFO] [net.minecraft.client.gui.font.providers.UnihexProvider/]: Found unifont_jp_patch-16.0.01.hex, loading
[11янв.2026 21:02:32.102] [resourceLoad/INFO] [net.minecraft.client.gui.font.providers.UnihexProvider/]: Found unifont_all_no_pua-16.0.01.hex, loading
[11янв.2026 21:02:32.269] [resourceLoad/INFO] [ru.sanberdir.lesson1_21_4.Lesson1_21_4/]: HELLO FROM CLIENT SETUP
[11янв.2026 21:02:32.269] [resourceLoad/INFO] [ru.sanberdir.lesson1_21_4.Lesson1_21_4/]: MINECRAFT NAME >> Dev
[11янв.2026 21:02:33.119] [resourceLoad/WARN] [net.minecraft.client.resources.model.ModelManager/]: Missing model for variant: 'lesson1_21_4:example_block#'
[11янв.2026 21:02:33.370] [Render thread/INFO] [com.mojang.blaze3d.audio.Library/]: OpenAL initialized on device OpenAL Soft on Динамики (HECATE G2 II GAMING HEADSET)
[11янв.2026 21:02:33.371] [Render thread/INFO] [net.minecraft.client.sounds.SoundEngine/SOUNDS]: Sound engine started
[11янв.2026 21:02:33.491] [Render thread/INFO] [net.minecraft.client.renderer.texture.TextureAtlas/]: Created: 1024x512x4 minecraft:textures/atlas/blocks.png-atlas
[11янв.2026 21:02:33.497] [Render thread/INFO] [net.minecraft.client.renderer.texture.TextureAtlas/]: Created: 256x256x4 minecraft:textures/atlas/signs.png-atlas
[11янв.2026 21:02:33.497] [Render thread/INFO] [net.minecraft.client.renderer.texture.TextureAtlas/]: Created: 512x512x4 minecraft:textures/atlas/shield_patterns.png-atlas
[11янв.2026 21:02:33.497] [Render thread/INFO] [net.minecraft.client.renderer.texture.TextureAtlas/]: Created: 512x512x4 minecraft:textures/atlas/banner_patterns.png-atlas
[11янв.2026 21:02:33.498] [Render thread/INFO] [net.minecraft.client.renderer.texture.TextureAtlas/]: Created: 2048x1024x4 minecraft:textures/atlas/armor_trims.png-atlas
[11янв.2026 21:02:33.501] [Render thread/INFO] [net.minecraft.client.renderer.texture.TextureAtlas/]: Created: 256x256x4 minecraft:textures/atlas/chest.png-atlas
[11янв.2026 21:02:33.501] [Render thread/INFO] [net.minecraft.client.renderer.texture.TextureAtlas/]: Created: 128x64x4 minecraft:textures/atlas/decorated_pot.png-atlas
[11янв.2026 21:02:33.501] [Render thread/INFO] [net.minecraft.client.renderer.texture.TextureAtlas/]: Created: 512x256x4 minecraft:textures/atlas/beds.png-atlas
[11янв.2026 21:02:33.502] [Render thread/INFO] [net.minecraft.client.renderer.texture.TextureAtlas/]: Created: 512x256x4 minecraft:textures/atlas/shulker_boxes.png-atlas
[11янв.2026 21:02:33.503] [Render thread/WARN] [net.minecraft.client.resources.model.ModelManager/]: No model loaded for default item ID lesson1_21_4:example_block of lesson1_21_4:example_block
[11янв.2026 21:02:33.504] [Render thread/WARN] [net.minecraft.client.resources.model.ModelManager/]: No model loaded for default item ID lesson1_21_4:example_item of lesson1_21_4:example_item
[11янв.2026 21:02:33.504] [Render thread/INFO] [net.minecraft.client.renderer.texture.TextureAtlas/]: Created: 64x64x0 minecraft:textures/atlas/map_decorations.png-atlas
[11янв.2026 21:02:33.635] [Render thread/INFO] [net.minecraft.client.renderer.texture.TextureAtlas/]: Created: 512x256x0 minecraft:textures/atlas/particles.png-atlas
[11янв.2026 21:02:33.636] [Render thread/INFO] [net.minecraft.client.renderer.texture.TextureAtlas/]: Created: 512x256x0 minecraft:textures/atlas/paintings.png-atlas
[11янв.2026 21:02:33.636] [Render thread/INFO] [net.minecraft.client.renderer.texture.TextureAtlas/]: Created: 256x128x0 minecraft:textures/atlas/mob_effects.png-atlas
[11янв.2026 21:02:33.636] [Render thread/INFO] [net.minecraft.client.renderer.texture.TextureAtlas/]: Created: 1024x512x0 minecraft:textures/atlas/gui.png-atlas
[11янв.2026 21:02:33.641] [Render thread/INFO] [net.neoforged.neoforge.client.entity.animation.json.AnimationLoader/]: Loaded 0 entity animations
[11янв.2026 21:03:10.339] [Render thread/INFO] [net.minecraft.server.packs.resources.ReloadableResourceManager/]: Reloading ResourceManager: vanilla, mod_resources, mod/lesson1_21_4, mod/neoforge
[11янв.2026 21:03:10.346] [resourceLoad/INFO] [net.minecraft.client.gui.font.providers.UnihexProvider/]: Found unifont_all_no_pua-16.0.01.hex, loading
[11янв.2026 21:03:10.439] [resourceLoad/INFO] [net.minecraft.client.gui.font.providers.UnihexProvider/]: Found unifont_jp_patch-16.0.01.hex, loading
[11янв.2026 21:03:10.987] [resourceLoad/WARN] [net.minecraft.client.resources.model.ModelManager/]: Missing model for variant: 'lesson1_21_4:example_block#'
[11янв.2026 21:03:11.123] [Render thread/INFO] [com.mojang.blaze3d.audio.Library/]: OpenAL initialized on device OpenAL Soft on Динамики (HECATE G2 II GAMING HEADSET)
[11янв.2026 21:03:11.124] [Render thread/INFO] [net.minecraft.client.sounds.SoundEngine/SOUNDS]: Sound engine started
[11янв.2026 21:03:11.190] [Render thread/INFO] [net.minecraft.client.renderer.texture.TextureAtlas/]: Created: 1024x512x4 minecraft:textures/atlas/blocks.png-atlas
[11янв.2026 21:03:11.193] [Render thread/INFO] [net.minecraft.client.renderer.texture.TextureAtlas/]: Created: 256x256x4 minecraft:textures/atlas/signs.png-atlas
[11янв.2026 21:03:11.193] [Render thread/INFO] [net.minecraft.client.renderer.texture.TextureAtlas/]: Created: 512x512x4 minecraft:textures/atlas/shield_patterns.png-atlas
[11янв.2026 21:03:11.193] [Render thread/INFO] [net.minecraft.client.renderer.texture.TextureAtlas/]: Created: 512x512x4 minecraft:textures/atlas/banner_patterns.png-atlas
[11янв.2026 21:03:11.193] [Render thread/INFO] [net.minecraft.client.renderer.texture.TextureAtlas/]: Created: 2048x1024x4 minecraft:textures/atlas/armor_trims.png-atlas
[11янв.2026 21:03:11.195] [Render thread/INFO] [net.minecraft.client.renderer.texture.TextureAtlas/]: Created: 256x256x4 minecraft:textures/atlas/chest.png-atlas
[11янв.2026 21:03:11.195] [Render thread/INFO] [net.minecraft.client.renderer.texture.TextureAtlas/]: Created: 128x64x4 minecraft:textures/atlas/decorated_pot.png-atlas
[11янв.2026 21:03:11.195] [Render thread/INFO] [net.minecraft.client.renderer.texture.TextureAtlas/]: Created: 512x256x4 minecraft:textures/atlas/beds.png-atlas
[11янв.2026 21:03:11.196] [Render thread/INFO] [net.minecraft.client.renderer.texture.TextureAtlas/]: Created: 512x256x4 minecraft:textures/atlas/shulker_boxes.png-atlas
[11янв.2026 21:03:11.197] [Render thread/WARN] [net.minecraft.client.resources.model.ModelManager/]: No model loaded for default item ID lesson1_21_4:example_block of lesson1_21_4:example_block
[11янв.2026 21:03:11.197] [Render thread/WARN] [net.minecraft.client.resources.model.ModelManager/]: No model loaded for default item ID lesson1_21_4:example_item of lesson1_21_4:example_item
[11янв.2026 21:03:11.197] [Render thread/INFO] [net.minecraft.client.renderer.texture.TextureAtlas/]: Created: 64x64x0 minecraft:textures/atlas/map_decorations.png-atlas
[11янв.2026 21:03:11.208] [Render thread/INFO] [net.minecraft.client.renderer.texture.TextureAtlas/]: Created: 512x256x0 minecraft:textures/atlas/particles.png-atlas
[11янв.2026 21:03:11.208] [Render thread/INFO] [net.minecraft.client.renderer.texture.TextureAtlas/]: Created: 512x256x0 minecraft:textures/atlas/paintings.png-atlas
[11янв.2026 21:03:11.209] [Render thread/INFO] [net.minecraft.client.renderer.texture.TextureAtlas/]: Created: 256x128x0 minecraft:textures/atlas/mob_effects.png-atlas
[11янв.2026 21:03:11.209] [Render thread/INFO] [net.minecraft.client.renderer.texture.TextureAtlas/]: Created: 1024x512x0 minecraft:textures/atlas/gui.png-atlas
[11янв.2026 21:03:11.211] [Render thread/INFO] [net.neoforged.neoforge.client.entity.animation.json.AnimationLoader/]: Loaded 0 entity animations
[11янв.2026 21:04:15.045] [Render thread/INFO] [net.minecraft.client.Minecraft/]: Stopping!
